// Jest Snapshot v1, https://goo.gl/fbAQLP

exports[`Footer element on every layout renders correctly matches snapshot 1`] = `
<footer
  className="sc-AxjAm dvTUIA wrap"
>
  <div
    className="wrapper"
  >
    <div
      className="lower"
    >
      <test-file-stub
        id="logo-footer"
      />
      <p>
        Built with Gatsby, Netlify CMS and ❤
      </p>
    </div>
    <ul
      className="sc-AxirZ loyvgs"
      data-testid="links-wrapper"
    >
      <li>
        <a
          href="/#hero"
        >
          HOME
        </a>
      </li>
      <li>
        <a
          href="/#about"
        >
          ABOUT
        </a>
      </li>
      <li>
        <a
          href="/#contact"
        >
          CONTACT
        </a>
      </li>
      <li>
        <a
          href="/projects"
        >
          PROJECTS
        </a>
      </li>
    </ul>
  </div>
</footer>
`;
